// Jest Snapshot v1, https://goo.gl/fbAQLP

exports[`Test summary component 1`] = `
<div>
  <h2>
    Viewing 
    1
     
    expense
     totalling 
    $114,195.00
  </h2>
</div>
`;
